C:\Users\PC\source\repos\LunaMP\ServerTest\ServerTest.csproj : warning NU1701: Package 'CachedQuickLz 1.3.1' was restored using '.NETFramework,Version=v4.6.1, .NETFramework,Version=v4.6.2, .NETFramework,Version=v4.7, .NETFramework,Version=v4.7.1, .NETFramework,Version=v4.7.2, .NETFramework,Version=v4.8, .NETFramework,Version=v4.8.1' instead of the project target framework 'net10.0'. This package may not be fully compatible with your project. [C:\Users\PC\source\repos\LunaMP\LunaMultiPlayer.sln]
C:\Users\PC\source\repos\LunaMP\LmpMasterServer\LmpMasterServer.csproj : warning NU1510: PackageReference Microsoft.CSharp will not be pruned. Consider removing this package from your dependencies, as it is likely unnecessary. [C:\Users\PC\source\repos\LunaMP\LunaMultiPlayer.sln]
C:\Users\PC\source\repos\LunaMP\LmpCommon\LmpCommon.csproj : warning NU1701: Package 'CachedQuickLz 1.3.1' was restored using '.NETFramework,Version=v4.6.1, .NETFramework,Version=v4.6.2, .NETFramework,Version=v4.7, .NETFramework,Version=v4.7.1, .NETFramework,Version=v4.7.2, .NETFramework,Version=v4.8, .NETFramework,Version=v4.8.1' instead of the project target framework '.NETStandard,Version=v2.0'. This package may not be fully compatible with your project. [C:\Users\PC\source\repos\LunaMP\LunaMultiPlayer.sln]
C:\Users\PC\source\repos\LunaMP\MasterServer\MasterServer.csproj : warning NU1701: Package 'CachedQuickLz 1.3.1' was restored using '.NETFramework,Version=v4.6.1, .NETFramework,Version=v4.6.2, .NETFramework,Version=v4.7, .NETFramework,Version=v4.7.1, .NETFramework,Version=v4.7.2, .NETFramework,Version=v4.8, .NETFramework,Version=v4.8.1' instead of the project target framework 'net10.0'. This package may not be fully compatible with your project. [C:\Users\PC\source\repos\LunaMP\LunaMultiPlayer.sln]
C:\Users\PC\source\repos\LunaMP\Server\Server.csproj : warning NU1701: Package 'CachedQuickLz 1.3.1' was restored using '.NETFramework,Version=v4.6.1, .NETFramework,Version=v4.6.2, .NETFramework,Version=v4.7, .NETFramework,Version=v4.7.1, .NETFramework,Version=v4.7.2, .NETFramework,Version=v4.8, .NETFramework,Version=v4.8.1' instead of the project target framework 'net10.0'. This package may not be fully compatible with your project. [C:\Users\PC\source\repos\LunaMP\LunaMultiPlayer.sln]
C:\Users\PC\source\repos\LunaMP\LmpCommonTest\LmpCommonTest.csproj : warning NU1510: PackageReference System.Buffers will not be pruned. Consider removing this package from your dependencies, as it is likely unnecessary. [C:\Users\PC\source\repos\LunaMP\LunaMultiPlayer.sln]
C:\Users\PC\source\repos\LunaMP\ServerTest\ServerTest.csproj : warning NU1701: Package 'LunaConfigNode 1.9.1' was restored using '.NETFramework,Version=v4.6.1, .NETFramework,Version=v4.6.2, .NETFramework,Version=v4.7, .NETFramework,Version=v4.7.1, .NETFramework,Version=v4.7.2, .NETFramework,Version=v4.8, .NETFramework,Version=v4.8.1' instead of the project target framework 'net10.0'. This package may not be fully compatible with your project. [C:\Users\PC\source\repos\LunaMP\LunaMultiPlayer.sln]
C:\Users\PC\source\repos\LunaMP\LmpMasterServer\LmpMasterServer.csproj : warning NU1510: PackageReference Microsoft.Win32.Registry will not be pruned. Consider removing this package from your dependencies, as it is likely unnecessary. [C:\Users\PC\source\repos\LunaMP\LunaMultiPlayer.sln]
C:\Users\PC\source\repos\LunaMP\LmpMasterServer\LmpMasterServer.csproj : warning NU1701: Package 'CachedQuickLz 1.3.1' was restored using '.NETFramework,Version=v4.6.1, .NETFramework,Version=v4.6.2, .NETFramework,Version=v4.7, .NETFramework,Version=v4.7.1, .NETFramework,Version=v4.7.2, .NETFramework,Version=v4.8, .NETFramework,Version=v4.8.1' instead of the project target framework 'net10.0'. This package may not be fully compatible with your project. [C:\Users\PC\source\repos\LunaMP\LunaMultiPlayer.sln]
C:\Users\PC\source\repos\LunaMP\Server\Server.csproj : warning NU1701: Package 'LunaConfigNode 1.9.1' was restored using '.NETFramework,Version=v4.6.1, .NETFramework,Version=v4.6.2, .NETFramework,Version=v4.7, .NETFramework,Version=v4.7.1, .NETFramework,Version=v4.7.2, .NETFramework,Version=v4.8, .NETFramework,Version=v4.8.1' instead of the project target framework 'net10.0'. This package may not be fully compatible with your project. [C:\Users\PC\source\repos\LunaMP\LunaMultiPlayer.sln]
C:\Users\PC\source\repos\LunaMP\LmpMasterServerTest\LmpMasterServerTest.csproj : warning NU1701: Package 'CachedQuickLz 1.3.1' was restored using '.NETFramework,Version=v4.6.1, .NETFramework,Version=v4.6.2, .NETFramework,Version=v4.7, .NETFramework,Version=v4.7.1, .NETFramework,Version=v4.7.2, .NETFramework,Version=v4.8, .NETFramework,Version=v4.8.1' instead of the project target framework 'net10.0'. This package may not be fully compatible with your project. [C:\Users\PC\source\repos\LunaMP\LunaMultiPlayer.sln]
C:\Users\PC\source\repos\LunaMP\LmpCommonTest\LmpCommonTest.csproj : warning NU1510: PackageReference System.Memory will not be pruned. Consider removing this package from your dependencies, as it is likely unnecessary. [C:\Users\PC\source\repos\LunaMP\LunaMultiPlayer.sln]
C:\Users\PC\source\repos\LunaMP\LmpCommonTest\LmpCommonTest.csproj : warning NU1510: PackageReference System.Numerics.Vectors will not be pruned. Consider removing this package from your dependencies, as it is likely unnecessary. [C:\Users\PC\source\repos\LunaMP\LunaMultiPlayer.sln]
C:\Users\PC\source\repos\LunaMP\LmpCommonTest\LmpCommonTest.csproj : warning NU1510: PackageReference System.Runtime.CompilerServices.Unsafe will not be pruned. Consider removing this package from your dependencies, as it is likely unnecessary. [C:\Users\PC\source\repos\LunaMP\LunaMultiPlayer.sln]
C:\Users\PC\source\repos\LunaMP\LmpCommonTest\LmpCommonTest.csproj : warning NU1701: Package 'CachedQuickLz 1.3.1' was restored using '.NETFramework,Version=v4.6.1, .NETFramework,Version=v4.6.2, .NETFramework,Version=v4.7, .NETFramework,Version=v4.7.1, .NETFramework,Version=v4.7.2, .NETFramework,Version=v4.8, .NETFramework,Version=v4.8.1' instead of the project target framework 'net10.0'. This package may not be fully compatible with your project. [C:\Users\PC\source\repos\LunaMP\LunaMultiPlayer.sln]
C:\Users\PC\source\repos\LunaMP\LmpCommonTest\LmpCommonTest.csproj : warning NU1510: PackageReference System.Buffers will not be pruned. Consider removing this package from your dependencies, as it is likely unnecessary.
C:\Users\PC\source\repos\LunaMP\LmpCommonTest\LmpCommonTest.csproj : warning NU1510: PackageReference System.Memory will not be pruned. Consider removing this package from your dependencies, as it is likely unnecessary.
C:\Users\PC\source\repos\LunaMP\LmpCommonTest\LmpCommonTest.csproj : warning NU1510: PackageReference System.Numerics.Vectors will not be pruned. Consider removing this package from your dependencies, as it is likely unnecessary.
C:\Users\PC\source\repos\LunaMP\LmpCommonTest\LmpCommonTest.csproj : warning NU1510: PackageReference System.Runtime.CompilerServices.Unsafe will not be pruned. Consider removing this package from your dependencies, as it is likely unnecessary.
C:\Users\PC\source\repos\LunaMP\LmpCommonTest\LmpCommonTest.csproj : warning NU1701: Package 'CachedQuickLz 1.3.1' was restored using '.NETFramework,Version=v4.6.1, .NETFramework,Version=v4.6.2, .NETFramework,Version=v4.7, .NETFramework,Version=v4.7.1, .NETFramework,Version=v4.7.2, .NETFramework,Version=v4.8, .NETFramework,Version=v4.8.1' instead of the project target framework 'net10.0'. This package may not be fully compatible with your project.
C:\Users\PC\source\repos\LunaMP\LmpMasterServer\LmpMasterServer.csproj : warning NU1510: PackageReference Microsoft.CSharp will not be pruned. Consider removing this package from your dependencies, as it is likely unnecessary.
C:\Users\PC\source\repos\LunaMP\LmpMasterServer\LmpMasterServer.csproj : warning NU1510: PackageReference Microsoft.Win32.Registry will not be pruned. Consider removing this package from your dependencies, as it is likely unnecessary.
C:\Users\PC\source\repos\LunaMP\LmpMasterServer\LmpMasterServer.csproj : warning NU1701: Package 'CachedQuickLz 1.3.1' was restored using '.NETFramework,Version=v4.6.1, .NETFramework,Version=v4.6.2, .NETFramework,Version=v4.7, .NETFramework,Version=v4.7.1, .NETFramework,Version=v4.7.2, .NETFramework,Version=v4.8, .NETFramework,Version=v4.8.1' instead of the project target framework 'net10.0'. This package may not be fully compatible with your project.
C:\Users\PC\source\repos\LunaMP\MasterServer\MasterServer.csproj : warning NU1701: Package 'CachedQuickLz 1.3.1' was restored using '.NETFramework,Version=v4.6.1, .NETFramework,Version=v4.6.2, .NETFramework,Version=v4.7, .NETFramework,Version=v4.7.1, .NETFramework,Version=v4.7.2, .NETFramework,Version=v4.8, .NETFramework,Version=v4.8.1' instead of the project target framework 'net10.0'. This package may not be fully compatible with your project.
C:\Users\PC\source\repos\LunaMP\LmpMasterServerTest\LmpMasterServerTest.csproj : warning NU1701: Package 'CachedQuickLz 1.3.1' was restored using '.NETFramework,Version=v4.6.1, .NETFramework,Version=v4.6.2, .NETFramework,Version=v4.7, .NETFramework,Version=v4.7.1, .NETFramework,Version=v4.7.2, .NETFramework,Version=v4.8, .NETFramework,Version=v4.8.1' instead of the project target framework 'net10.0'. This package may not be fully compatible with your project.
C:\Users\PC\source\repos\LunaMP\ServerTest\ServerTest.csproj : warning NU1701: Package 'CachedQuickLz 1.3.1' was restored using '.NETFramework,Version=v4.6.1, .NETFramework,Version=v4.6.2, .NETFramework,Version=v4.7, .NETFramework,Version=v4.7.1, .NETFramework,Version=v4.7.2, .NETFramework,Version=v4.8, .NETFramework,Version=v4.8.1' instead of the project target framework 'net10.0'. This package may not be fully compatible with your project.
C:\Users\PC\source\repos\LunaMP\ServerTest\ServerTest.csproj : warning NU1701: Package 'LunaConfigNode 1.9.1' was restored using '.NETFramework,Version=v4.6.1, .NETFramework,Version=v4.6.2, .NETFramework,Version=v4.7, .NETFramework,Version=v4.7.1, .NETFramework,Version=v4.7.2, .NETFramework,Version=v4.8, .NETFramework,Version=v4.8.1' instead of the project target framework 'net10.0'. This package may not be fully compatible with your project.
C:\Users\PC\source\repos\LunaMP\Server\Server.csproj : warning NU1701: Package 'CachedQuickLz 1.3.1' was restored using '.NETFramework,Version=v4.6.1, .NETFramework,Version=v4.6.2, .NETFramework,Version=v4.7, .NETFramework,Version=v4.7.1, .NETFramework,Version=v4.7.2, .NETFramework,Version=v4.8, .NETFramework,Version=v4.8.1' instead of the project target framework 'net10.0'. This package may not be fully compatible with your project.
C:\Users\PC\source\repos\LunaMP\Server\Server.csproj : warning NU1701: Package 'LunaConfigNode 1.9.1' was restored using '.NETFramework,Version=v4.6.1, .NETFramework,Version=v4.6.2, .NETFramework,Version=v4.7, .NETFramework,Version=v4.7.1, .NETFramework,Version=v4.7.2, .NETFramework,Version=v4.8, .NETFramework,Version=v4.8.1' instead of the project target framework 'net10.0'. This package may not be fully compatible with your project.
C:\Users\PC\source\repos\LunaMP\LmpCommon\LmpCommon.csproj : warning NU1701: Package 'CachedQuickLz 1.3.1' was restored using '.NETFramework,Version=v4.6.1, .NETFramework,Version=v4.6.2, .NETFramework,Version=v4.7, .NETFramework,Version=v4.7.1, .NETFramework,Version=v4.7.2, .NETFramework,Version=v4.8, .NETFramework,Version=v4.8.1' instead of the project target framework '.NETStandard,Version=v2.0'. This package may not be fully compatible with your project. [TargetFramework=netstandard2.0]
C:\Users\PC\source\repos\LunaMP\LmpCommon\LmpCommon.csproj : warning NU1701: Package 'CachedQuickLz 1.3.1' was restored using '.NETFramework,Version=v4.6.1, .NETFramework,Version=v4.6.2, .NETFramework,Version=v4.7, .NETFramework,Version=v4.7.1, .NETFramework,Version=v4.7.2, .NETFramework,Version=v4.8, .NETFramework,Version=v4.8.1' instead of the project target framework '.NETStandard,Version=v2.0'. This package may not be fully compatible with your project. [TargetFramework=net10.0]
C:\Users\PC\source\repos\LunaMP\LmpCommon\LmpCommon.csproj : warning NU1701: Package 'CachedQuickLz 1.3.1' was restored using '.NETFramework,Version=v4.6.1, .NETFramework,Version=v4.6.2, .NETFramework,Version=v4.7, .NETFramework,Version=v4.7.1, .NETFramework,Version=v4.7.2, .NETFramework,Version=v4.8, .NETFramework,Version=v4.8.1' instead of the project target framework '.NETStandard,Version=v2.0'. This package may not be fully compatible with your project. [TargetFramework=net472]

Build succeeded.

C:\Users\PC\source\repos\LunaMP\ServerTest\ServerTest.csproj : warning NU1701: Package 'CachedQuickLz 1.3.1' was restored using '.NETFramework,Version=v4.6.1, .NETFramework,Version=v4.6.2, .NETFramework,Version=v4.7, .NETFramework,Version=v4.7.1, .NETFramework,Version=v4.7.2, .NETFramework,Version=v4.8, .NETFramework,Version=v4.8.1' instead of the project target framework 'net10.0'. This package may not be fully compatible with your project. [C:\Users\PC\source\repos\LunaMP\LunaMultiPlayer.sln]
C:\Users\PC\source\repos\LunaMP\LmpMasterServer\LmpMasterServer.csproj : warning NU1510: PackageReference Microsoft.CSharp will not be pruned. Consider removing this package from your dependencies, as it is likely unnecessary. [C:\Users\PC\source\repos\LunaMP\LunaMultiPlayer.sln]
C:\Users\PC\source\repos\LunaMP\LmpCommon\LmpCommon.csproj : warning NU1701: Package 'CachedQuickLz 1.3.1' was restored using '.NETFramework,Version=v4.6.1, .NETFramework,Version=v4.6.2, .NETFramework,Version=v4.7, .NETFramework,Version=v4.7.1, .NETFramework,Version=v4.7.2, .NETFramework,Version=v4.8, .NETFramework,Version=v4.8.1' instead of the project target framework '.NETStandard,Version=v2.0'. This package may not be fully compatible with your project. [C:\Users\PC\source\repos\LunaMP\LunaMultiPlayer.sln]
C:\Users\PC\source\repos\LunaMP\MasterServer\MasterServer.csproj : warning NU1701: Package 'CachedQuickLz 1.3.1' was restored using '.NETFramework,Version=v4.6.1, .NETFramework,Version=v4.6.2, .NETFramework,Version=v4.7, .NETFramework,Version=v4.7.1, .NETFramework,Version=v4.7.2, .NETFramework,Version=v4.8, .NETFramework,Version=v4.8.1' instead of the project target framework 'net10.0'. This package may not be fully compatible with your project. [C:\Users\PC\source\repos\LunaMP\LunaMultiPlayer.sln]
C:\Users\PC\source\repos\LunaMP\Server\Server.csproj : warning NU1701: Package 'CachedQuickLz 1.3.1' was restored using '.NETFramework,Version=v4.6.1, .NETFramework,Version=v4.6.2, .NETFramework,Version=v4.7, .NETFramework,Version=v4.7.1, .NETFramework,Version=v4.7.2, .NETFramework,Version=v4.8, .NETFramework,Version=v4.8.1' instead of the project target framework 'net10.0'. This package may not be fully compatible with your project. [C:\Users\PC\source\repos\LunaMP\LunaMultiPlayer.sln]
C:\Users\PC\source\repos\LunaMP\LmpCommonTest\LmpCommonTest.csproj : warning NU1510: PackageReference System.Buffers will not be pruned. Consider removing this package from your dependencies, as it is likely unnecessary. [C:\Users\PC\source\repos\LunaMP\LunaMultiPlayer.sln]
C:\Users\PC\source\repos\LunaMP\ServerTest\ServerTest.csproj : warning NU1701: Package 'LunaConfigNode 1.9.1' was restored using '.NETFramework,Version=v4.6.1, .NETFramework,Version=v4.6.2, .NETFramework,Version=v4.7, .NETFramework,Version=v4.7.1, .NETFramework,Version=v4.7.2, .NETFramework,Version=v4.8, .NETFramework,Version=v4.8.1' instead of the project target framework 'net10.0'. This package may not be fully compatible with your project. [C:\Users\PC\source\repos\LunaMP\LunaMultiPlayer.sln]
C:\Users\PC\source\repos\LunaMP\LmpMasterServer\LmpMasterServer.csproj : warning NU1510: PackageReference Microsoft.Win32.Registry will not be pruned. Consider removing this package from your dependencies, as it is likely unnecessary. [C:\Users\PC\source\repos\LunaMP\LunaMultiPlayer.sln]
C:\Users\PC\source\repos\LunaMP\LmpMasterServer\LmpMasterServer.csproj : warning NU1701: Package 'CachedQuickLz 1.3.1' was restored using '.NETFramework,Version=v4.6.1, .NETFramework,Version=v4.6.2, .NETFramework,Version=v4.7, .NETFramework,Version=v4.7.1, .NETFramework,Version=v4.7.2, .NETFramework,Version=v4.8, .NETFramework,Version=v4.8.1' instead of the project target framework 'net10.0'. This package may not be fully compatible with your project. [C:\Users\PC\source\repos\LunaMP\LunaMultiPlayer.sln]
C:\Users\PC\source\repos\LunaMP\Server\Server.csproj : warning NU1701: Package 'LunaConfigNode 1.9.1' was restored using '.NETFramework,Version=v4.6.1, .NETFramework,Version=v4.6.2, .NETFramework,Version=v4.7, .NETFramework,Version=v4.7.1, .NETFramework,Version=v4.7.2, .NETFramework,Version=v4.8, .NETFramework,Version=v4.8.1' instead of the project target framework 'net10.0'. This package may not be fully compatible with your project. [C:\Users\PC\source\repos\LunaMP\LunaMultiPlayer.sln]
C:\Users\PC\source\repos\LunaMP\LmpMasterServerTest\LmpMasterServerTest.csproj : warning NU1701: Package 'CachedQuickLz 1.3.1' was restored using '.NETFramework,Version=v4.6.1, .NETFramework,Version=v4.6.2, .NETFramework,Version=v4.7, .NETFramework,Version=v4.7.1, .NETFramework,Version=v4.7.2, .NETFramework,Version=v4.8, .NETFramework,Version=v4.8.1' instead of the project target framework 'net10.0'. This package may not be fully compatible with your project. [C:\Users\PC\source\repos\LunaMP\LunaMultiPlayer.sln]
C:\Users\PC\source\repos\LunaMP\LmpCommonTest\LmpCommonTest.csproj : warning NU1510: PackageReference System.Memory will not be pruned. Consider removing this package from your dependencies, as it is likely unnecessary. [C:\Users\PC\source\repos\LunaMP\LunaMultiPlayer.sln]
C:\Users\PC\source\repos\LunaMP\LmpCommonTest\LmpCommonTest.csproj : warning NU1510: PackageReference System.Numerics.Vectors will not be pruned. Consider removing this package from your dependencies, as it is likely unnecessary. [C:\Users\PC\source\repos\LunaMP\LunaMultiPlayer.sln]
C:\Users\PC\source\repos\LunaMP\LmpCommonTest\LmpCommonTest.csproj : warning NU1510: PackageReference System.Runtime.CompilerServices.Unsafe will not be pruned. Consider removing this package from your dependencies, as it is likely unnecessary. [C:\Users\PC\source\repos\LunaMP\LunaMultiPlayer.sln]
C:\Users\PC\source\repos\LunaMP\LmpCommonTest\LmpCommonTest.csproj : warning NU1701: Package 'CachedQuickLz 1.3.1' was restored using '.NETFramework,Version=v4.6.1, .NETFramework,Version=v4.6.2, .NETFramework,Version=v4.7, .NETFramework,Version=v4.7.1, .NETFramework,Version=v4.7.2, .NETFramework,Version=v4.8, .NETFramework,Version=v4.8.1' instead of the project target framework 'net10.0'. This package may not be fully compatible with your project. [C:\Users\PC\source\repos\LunaMP\LunaMultiPlayer.sln]
C:\Users\PC\source\repos\LunaMP\LmpCommonTest\LmpCommonTest.csproj : warning NU1510: PackageReference System.Buffers will not be pruned. Consider removing this package from your dependencies, as it is likely unnecessary.
C:\Users\PC\source\repos\LunaMP\LmpCommonTest\LmpCommonTest.csproj : warning NU1510: PackageReference System.Memory will not be pruned. Consider removing this package from your dependencies, as it is likely unnecessary.
C:\Users\PC\source\repos\LunaMP\LmpCommonTest\LmpCommonTest.csproj : warning NU1510: PackageReference System.Numerics.Vectors will not be pruned. Consider removing this package from your dependencies, as it is likely unnecessary.
C:\Users\PC\source\repos\LunaMP\LmpCommonTest\LmpCommonTest.csproj : warning NU1510: PackageReference System.Runtime.CompilerServices.Unsafe will not be pruned. Consider removing this package from your dependencies, as it is likely unnecessary.
C:\Users\PC\source\repos\LunaMP\LmpCommonTest\LmpCommonTest.csproj : warning NU1701: Package 'CachedQuickLz 1.3.1' was restored using '.NETFramework,Version=v4.6.1, .NETFramework,Version=v4.6.2, .NETFramework,Version=v4.7, .NETFramework,Version=v4.7.1, .NETFramework,Version=v4.7.2, .NETFramework,Version=v4.8, .NETFramework,Version=v4.8.1' instead of the project target framework 'net10.0'. This package may not be fully compatible with your project.
C:\Users\PC\source\repos\LunaMP\LmpMasterServer\LmpMasterServer.csproj : warning NU1510: PackageReference Microsoft.CSharp will not be pruned. Consider removing this package from your dependencies, as it is likely unnecessary.
C:\Users\PC\source\repos\LunaMP\LmpMasterServer\LmpMasterServer.csproj : warning NU1510: PackageReference Microsoft.Win32.Registry will not be pruned. Consider removing this package from your dependencies, as it is likely unnecessary.
C:\Users\PC\source\repos\LunaMP\LmpMasterServer\LmpMasterServer.csproj : warning NU1701: Package 'CachedQuickLz 1.3.1' was restored using '.NETFramework,Version=v4.6.1, .NETFramework,Version=v4.6.2, .NETFramework,Version=v4.7, .NETFramework,Version=v4.7.1, .NETFramework,Version=v4.7.2, .NETFramework,Version=v4.8, .NETFramework,Version=v4.8.1' instead of the project target framework 'net10.0'. This package may not be fully compatible with your project.
C:\Users\PC\source\repos\LunaMP\MasterServer\MasterServer.csproj : warning NU1701: Package 'CachedQuickLz 1.3.1' was restored using '.NETFramework,Version=v4.6.1, .NETFramework,Version=v4.6.2, .NETFramework,Version=v4.7, .NETFramework,Version=v4.7.1, .NETFramework,Version=v4.7.2, .NETFramework,Version=v4.8, .NETFramework,Version=v4.8.1' instead of the project target framework 'net10.0'. This package may not be fully compatible with your project.
C:\Users\PC\source\repos\LunaMP\LmpMasterServerTest\LmpMasterServerTest.csproj : warning NU1701: Package 'CachedQuickLz 1.3.1' was restored using '.NETFramework,Version=v4.6.1, .NETFramework,Version=v4.6.2, .NETFramework,Version=v4.7, .NETFramework,Version=v4.7.1, .NETFramework,Version=v4.7.2, .NETFramework,Version=v4.8, .NETFramework,Version=v4.8.1' instead of the project target framework 'net10.0'. This package may not be fully compatible with your project.
C:\Users\PC\source\repos\LunaMP\ServerTest\ServerTest.csproj : warning NU1701: Package 'CachedQuickLz 1.3.1' was restored using '.NETFramework,Version=v4.6.1, .NETFramework,Version=v4.6.2, .NETFramework,Version=v4.7, .NETFramework,Version=v4.7.1, .NETFramework,Version=v4.7.2, .NETFramework,Version=v4.8, .NETFramework,Version=v4.8.1' instead of the project target framework 'net10.0'. This package may not be fully compatible with your project.
C:\Users\PC\source\repos\LunaMP\ServerTest\ServerTest.csproj : warning NU1701: Package 'LunaConfigNode 1.9.1' was restored using '.NETFramework,Version=v4.6.1, .NETFramework,Version=v4.6.2, .NETFramework,Version=v4.7, .NETFramework,Version=v4.7.1, .NETFramework,Version=v4.7.2, .NETFramework,Version=v4.8, .NETFramework,Version=v4.8.1' instead of the project target framework 'net10.0'. This package may not be fully compatible with your project.
C:\Users\PC\source\repos\LunaMP\Server\Server.csproj : warning NU1701: Package 'CachedQuickLz 1.3.1' was restored using '.NETFramework,Version=v4.6.1, .NETFramework,Version=v4.6.2, .NETFramework,Version=v4.7, .NETFramework,Version=v4.7.1, .NETFramework,Version=v4.7.2, .NETFramework,Version=v4.8, .NETFramework,Version=v4.8.1' instead of the project target framework 'net10.0'. This package may not be fully compatible with your project.
C:\Users\PC\source\repos\LunaMP\Server\Server.csproj : warning NU1701: Package 'LunaConfigNode 1.9.1' was restored using '.NETFramework,Version=v4.6.1, .NETFramework,Version=v4.6.2, .NETFramework,Version=v4.7, .NETFramework,Version=v4.7.1, .NETFramework,Version=v4.7.2, .NETFramework,Version=v4.8, .NETFramework,Version=v4.8.1' instead of the project target framework 'net10.0'. This package may not be fully compatible with your project.
C:\Users\PC\source\repos\LunaMP\LmpCommon\LmpCommon.csproj : warning NU1701: Package 'CachedQuickLz 1.3.1' was restored using '.NETFramework,Version=v4.6.1, .NETFramework,Version=v4.6.2, .NETFramework,Version=v4.7, .NETFramework,Version=v4.7.1, .NETFramework,Version=v4.7.2, .NETFramework,Version=v4.8, .NETFramework,Version=v4.8.1' instead of the project target framework '.NETStandard,Version=v2.0'. This package may not be fully compatible with your project. [TargetFramework=netstandard2.0]
C:\Users\PC\source\repos\LunaMP\LmpCommon\LmpCommon.csproj : warning NU1701: Package 'CachedQuickLz 1.3.1' was restored using '.NETFramework,Version=v4.6.1, .NETFramework,Version=v4.6.2, .NETFramework,Version=v4.7, .NETFramework,Version=v4.7.1, .NETFramework,Version=v4.7.2, .NETFramework,Version=v4.8, .NETFramework,Version=v4.8.1' instead of the project target framework '.NETStandard,Version=v2.0'. This package may not be fully compatible with your project. [TargetFramework=net10.0]
C:\Users\PC\source\repos\LunaMP\LmpCommon\LmpCommon.csproj : warning NU1701: Package 'CachedQuickLz 1.3.1' was restored using '.NETFramework,Version=v4.6.1, .NETFramework,Version=v4.6.2, .NETFramework,Version=v4.7, .NETFramework,Version=v4.7.1, .NETFramework,Version=v4.7.2, .NETFramework,Version=v4.8, .NETFramework,Version=v4.8.1' instead of the project target framework '.NETStandard,Version=v2.0'. This package may not be fully compatible with your project. [TargetFramework=net472]
    32 Warning(s)
    0 Error(s)

Time Elapsed 00:00:01.18
